Analysis & Synthesis report for lab5_task2_FPGA
Thu May 16 15:57:23 2024
Quartus Prime Version 21.1.1 Build 850 06/23/2022 SJ Lite Edition


---------------------
; Table of Contents ;
---------------------
  1. Legal Notice
  2. Analysis & Synthesis Summary
  3. Analysis & Synthesis Settings
  4. Parallel Compilation
  5. Analysis & Synthesis Source Files Read
  6. Analysis & Synthesis Resource Usage Summary
  7. Analysis & Synthesis Resource Utilization by Entity
  8. User-Specified and Inferred Latches
  9. General Register Statistics
 10. Inverted Register Statistics
 11. Multiplexer Restructuring Statistics (Restructuring Performed)
 12. Parameter Settings for User Entity Instance: Datapath_R_Type:DUT|alu:C2
 13. Post-Synthesis Netlist Statistics for Top Partition
 14. Elapsed Time Per Partition
 15. Analysis & Synthesis Messages



----------------
; Legal Notice ;
----------------
Copyright (C) 2022  Intel Corporation. All rights reserved.
Your use of Intel Corporation's design tools, logic functions 
and other software and tools, and any partner logic 
functions, and any output files from any of the foregoing 
(including device programming or simulation files), and any 
associated documentation or information are expressly subject 
to the terms and conditions of the Intel Program License 
Subscription Agreement, the Intel Quartus Prime License Agreement,
the Intel FPGA IP License Agreement, or other applicable license
agreement, including, without limitation, that your use is for
the sole purpose of programming logic devices manufactured by
Intel and sold by Intel or its authorized distributors.  Please
refer to the applicable agreement for further details, at
https://fpgasoftware.intel.com/eula.



+----------------------------------------------------------------------------------+
; Analysis & Synthesis Summary                                                     ;
+------------------------------------+---------------------------------------------+
; Analysis & Synthesis Status        ; Successful - Thu May 16 15:57:23 2024       ;
; Quartus Prime Version              ; 21.1.1 Build 850 06/23/2022 SJ Lite Edition ;
; Revision Name                      ; lab5_task2_FPGA                             ;
; Top-level Entity Name              ; lab5_task2_FPGA                             ;
; Family                             ; Cyclone IV E                                ;
; Total logic elements               ; 710                                         ;
;     Total combinational functions  ; 546                                         ;
;     Dedicated logic registers      ; 256                                         ;
; Total registers                    ; 256                                         ;
; Total pins                         ; 104                                         ;
; Total virtual pins                 ; 0                                           ;
; Total memory bits                  ; 0                                           ;
; Embedded Multiplier 9-bit elements ; 0                                           ;
; Total PLLs                         ; 0                                           ;
+------------------------------------+---------------------------------------------+


+------------------------------------------------------------------------------------------------------------+
; Analysis & Synthesis Settings                                                                              ;
+------------------------------------------------------------------+--------------------+--------------------+
; Option                                                           ; Setting            ; Default Value      ;
+------------------------------------------------------------------+--------------------+--------------------+
; Device                                                           ; EP4CE115F29C7      ;                    ;
; Top-level entity name                                            ; lab5_task2_FPGA    ; lab5_task2_FPGA    ;
; Family name                                                      ; Cyclone IV E       ; Cyclone V          ;
; Use smart compilation                                            ; Off                ; Off                ;
; Enable parallel Assembler and Timing Analyzer during compilation ; On                 ; On                 ;
; Enable compact report table                                      ; Off                ; Off                ;
; Restructure Multiplexers                                         ; Auto               ; Auto               ;
; Create Debugging Nodes for IP Cores                              ; Off                ; Off                ;
; Preserve fewer node names                                        ; On                 ; On                 ;
; Intel FPGA IP Evaluation Mode                                    ; Enable             ; Enable             ;
; Verilog Version                                                  ; Verilog_2001       ; Verilog_2001       ;
; VHDL Version                                                     ; VHDL_1993          ; VHDL_1993          ;
; State Machine Processing                                         ; Auto               ; Auto               ;
; Safe State Machine                                               ; Off                ; Off                ;
; Extract Verilog State Machines                                   ; On                 ; On                 ;
; Extract VHDL State Machines                                      ; On                 ; On                 ;
; Ignore Verilog initial constructs                                ; Off                ; Off                ;
; Iteration limit for constant Verilog loops                       ; 5000               ; 5000               ;
; Iteration limit for non-constant Verilog loops                   ; 250                ; 250                ;
; Add Pass-Through Logic to Inferred RAMs                          ; On                 ; On                 ;
; Infer RAMs from Raw Logic                                        ; On                 ; On                 ;
; Parallel Synthesis                                               ; On                 ; On                 ;
; DSP Block Balancing                                              ; Auto               ; Auto               ;
; NOT Gate Push-Back                                               ; On                 ; On                 ;
; Power-Up Don't Care                                              ; On                 ; On                 ;
; Remove Redundant Logic Cells                                     ; Off                ; Off                ;
; Remove Duplicate Registers                                       ; On                 ; On                 ;
; Ignore CARRY Buffers                                             ; Off                ; Off                ;
; Ignore CASCADE Buffers                                           ; Off                ; Off                ;
; Ignore GLOBAL Buffers                                            ; Off                ; Off                ;
; Ignore ROW GLOBAL Buffers                                        ; Off                ; Off                ;
; Ignore LCELL Buffers                                             ; Off                ; Off                ;
; Ignore SOFT Buffers                                              ; On                 ; On                 ;
; Limit AHDL Integers to 32 Bits                                   ; Off                ; Off                ;
; Optimization Technique                                           ; Balanced           ; Balanced           ;
; Carry Chain Length                                               ; 70                 ; 70                 ;
; Auto Carry Chains                                                ; On                 ; On                 ;
; Auto Open-Drain Pins                                             ; On                 ; On                 ;
; Perform WYSIWYG Primitive Resynthesis                            ; Off                ; Off                ;
; Auto ROM Replacement                                             ; On                 ; On                 ;
; Auto RAM Replacement                                             ; On                 ; On                 ;
; Auto DSP Block Replacement                                       ; On                 ; On                 ;
; Auto Shift Register Replacement                                  ; Auto               ; Auto               ;
; Allow Shift Register Merging across Hierarchies                  ; Auto               ; Auto               ;
; Auto Clock Enable Replacement                                    ; On                 ; On                 ;
; Strict RAM Replacement                                           ; Off                ; Off                ;
; Allow Synchronous Control Signals                                ; On                 ; On                 ;
; Force Use of Synchronous Clear Signals                           ; Off                ; Off                ;
; Auto RAM Block Balancing                                         ; On                 ; On                 ;
; Auto RAM to Logic Cell Conversion                                ; Off                ; Off                ;
; Auto Resource Sharing                                            ; Off                ; Off                ;
; Allow Any RAM Size For Recognition                               ; Off                ; Off                ;
; Allow Any ROM Size For Recognition                               ; Off                ; Off                ;
; Allow Any Shift Register Size For Recognition                    ; Off                ; Off                ;
; Use LogicLock Constraints during Resource Balancing              ; On                 ; On                 ;
; Ignore translate_off and synthesis_off directives                ; Off                ; Off                ;
; Timing-Driven Synthesis                                          ; On                 ; On                 ;
; Report Parameter Settings                                        ; On                 ; On                 ;
; Report Source Assignments                                        ; On                 ; On                 ;
; Report Connectivity Checks                                       ; On                 ; On                 ;
; Ignore Maximum Fan-Out Assignments                               ; Off                ; Off                ;
; Synchronization Register Chain Length                            ; 2                  ; 2                  ;
; Power Optimization During Synthesis                              ; Normal compilation ; Normal compilation ;
; HDL message level                                                ; Level2             ; Level2             ;
; Suppress Register Optimization Related Messages                  ; Off                ; Off                ;
; Number of Removed Registers Reported in Synthesis Report         ; 5000               ; 5000               ;
; Number of Swept Nodes Reported in Synthesis Report               ; 5000               ; 5000               ;
; Number of Inverted Registers Reported in Synthesis Report        ; 100                ; 100                ;
; Clock MUX Protection                                             ; On                 ; On                 ;
; Auto Gated Clock Conversion                                      ; Off                ; Off                ;
; Block Design Naming                                              ; Auto               ; Auto               ;
; SDC constraint protection                                        ; Off                ; Off                ;
; Synthesis Effort                                                 ; Auto               ; Auto               ;
; Shift Register Replacement - Allow Asynchronous Clear Signal     ; On                 ; On                 ;
; Pre-Mapping Resynthesis Optimization                             ; Off                ; Off                ;
; Analysis & Synthesis Message Level                               ; Medium             ; Medium             ;
; Disable Register Merging Across Hierarchies                      ; Auto               ; Auto               ;
; Resource Aware Inference For Block RAM                           ; On                 ; On                 ;
+------------------------------------------------------------------+--------------------+--------------------+


+------------------------------------------+
; Parallel Compilation                     ;
+----------------------------+-------------+
; Processors                 ; Number      ;
+----------------------------+-------------+
; Number detected on machine ; 12          ;
; Maximum allowed            ; 6           ;
;                            ;             ;
; Average used               ; 1.00        ;
; Maximum used               ; 6           ;
;                            ;             ;
; Usage by Processor         ; % Time Used ;
;     Processor 1            ; 100.0%      ;
;     Processors 2-6         ;   0.0%      ;
+----------------------------+-------------+


+---------------------------------------------------------------------------------------------------------------------------------------------------+
; Analysis & Synthesis Source Files Read                                                                                                            ;
+----------------------------------+-----------------+------------------------+-----------------------------------------------------------+---------+
; File Name with User-Entered Path ; Used in Netlist ; File Type              ; File Name with Absolute Path                              ; Library ;
+----------------------------------+-----------------+------------------------+-----------------------------------------------------------+---------+
; lab5_task2_FPGA.v                ; yes             ; User Verilog HDL File  ; D:/Year 3/Semester 2/DSD/lab/lab5/task2/lab5_task2_FPGA.v ;         ;
+----------------------------------+-----------------+------------------------+-----------------------------------------------------------+---------+


+------------------------------------------------------------+
; Analysis & Synthesis Resource Usage Summary                ;
+---------------------------------------------+--------------+
; Resource                                    ; Usage        ;
+---------------------------------------------+--------------+
; Estimated Total logic elements              ; 710          ;
;                                             ;              ;
; Total combinational functions               ; 546          ;
; Logic element usage by number of LUT inputs ;              ;
;     -- 4 input functions                    ; 399          ;
;     -- 3 input functions                    ; 60           ;
;     -- <=2 input functions                  ; 87           ;
;                                             ;              ;
; Logic elements by mode                      ;              ;
;     -- normal mode                          ; 538          ;
;     -- arithmetic mode                      ; 8            ;
;                                             ;              ;
; Total registers                             ; 256          ;
;     -- Dedicated logic registers            ; 256          ;
;     -- I/O registers                        ; 0            ;
;                                             ;              ;
; I/O pins                                    ; 104          ;
;                                             ;              ;
; Embedded Multiplier 9-bit elements          ; 0            ;
;                                             ;              ;
; Maximum fan-out node                        ; KEY[0]~input ;
; Maximum fan-out                             ; 256          ;
; Total fan-out                               ; 3055         ;
; Average fan-out                             ; 3.02         ;
+---------------------------------------------+--------------+


+------------------------------------------------------------------------------------------------------------------------------------------------------------------------------------------------------------------------------------------------+
; Analysis & Synthesis Resource Utilization by Entity                                                                                                                                                                                            ;
+----------------------------+---------------------+---------------------------+-------------+--------------+---------+-----------+------+--------------+-------------------------------------------------------+-----------------+--------------+
; Compilation Hierarchy Node ; Combinational ALUTs ; Dedicated Logic Registers ; Memory Bits ; DSP Elements ; DSP 9x9 ; DSP 18x18 ; Pins ; Virtual Pins ; Full Hierarchy Name                                   ; Entity Name     ; Library Name ;
+----------------------------+---------------------+---------------------------+-------------+--------------+---------+-----------+------+--------------+-------------------------------------------------------+-----------------+--------------+
; |lab5_task2_FPGA           ; 546 (0)             ; 256 (0)                   ; 0           ; 0            ; 0       ; 0         ; 104  ; 0            ; |lab5_task2_FPGA                                      ; lab5_task2_FPGA ; work         ;
;    |Datapath_R_Type:DUT|   ; 504 (0)             ; 256 (0)                   ; 0           ; 0            ; 0       ; 0         ; 0    ; 0            ; |lab5_task2_FPGA|Datapath_R_Type:DUT                  ; Datapath_R_Type ; work         ;
;       |Register_File:C1|   ; 460 (460)           ; 256 (256)                 ; 0           ; 0            ; 0       ; 0         ; 0    ; 0            ; |lab5_task2_FPGA|Datapath_R_Type:DUT|Register_File:C1 ; Register_File   ; work         ;
;       |alu:C2|             ; 44 (44)             ; 0 (0)                     ; 0           ; 0            ; 0       ; 0         ; 0    ; 0            ; |lab5_task2_FPGA|Datapath_R_Type:DUT|alu:C2           ; alu             ; work         ;
;    |hex_ssd:C1|            ; 7 (7)               ; 0 (0)                     ; 0           ; 0            ; 0       ; 0         ; 0    ; 0            ; |lab5_task2_FPGA|hex_ssd:C1                           ; hex_ssd         ; work         ;
;    |hex_ssd:C2|            ; 7 (7)               ; 0 (0)                     ; 0           ; 0            ; 0       ; 0         ; 0    ; 0            ; |lab5_task2_FPGA|hex_ssd:C2                           ; hex_ssd         ; work         ;
;    |hex_ssd:C3|            ; 7 (7)               ; 0 (0)                     ; 0           ; 0            ; 0       ; 0         ; 0    ; 0            ; |lab5_task2_FPGA|hex_ssd:C3                           ; hex_ssd         ; work         ;
;    |hex_ssd:C4|            ; 7 (7)               ; 0 (0)                     ; 0           ; 0            ; 0       ; 0         ; 0    ; 0            ; |lab5_task2_FPGA|hex_ssd:C4                           ; hex_ssd         ; work         ;
;    |hex_ssd:C5|            ; 7 (7)               ; 0 (0)                     ; 0           ; 0            ; 0       ; 0         ; 0    ; 0            ; |lab5_task2_FPGA|hex_ssd:C5                           ; hex_ssd         ; work         ;
;    |hex_ssd:C6|            ; 7 (7)               ; 0 (0)                     ; 0           ; 0            ; 0       ; 0         ; 0    ; 0            ; |lab5_task2_FPGA|hex_ssd:C6                           ; hex_ssd         ; work         ;
+----------------------------+---------------------+---------------------------+-------------+--------------+---------+-----------+------+--------------+-------------------------------------------------------+-----------------+--------------+
Note: For table entries with two numbers listed, the numbers in parentheses indicate the number of resources of the given type used by the specific entity alone. The numbers listed outside of parentheses indicate the total resources of the given type used by the specific entity and all of its sub-entities in the hierarchy.


+-------------------------------------------------------------------------------------------------------------------+
; User-Specified and Inferred Latches                                                                               ;
+----------------------------------------------------+-------------------------------------+------------------------+
; Latch Name                                         ; Latch Enable Signal                 ; Free of Timing Hazards ;
+----------------------------------------------------+-------------------------------------+------------------------+
; Datapath_R_Type:DUT|alu:C2|zero                    ; Datapath_R_Type:DUT|alu:C2|Decoder0 ; yes                    ;
; Number of user-specified and inferred latches = 1  ;                                     ;                        ;
+----------------------------------------------------+-------------------------------------+------------------------+
Note: All latches listed above may not be present at the end of synthesis due to various synthesis optimizations.


+------------------------------------------------------+
; General Register Statistics                          ;
+----------------------------------------------+-------+
; Statistic                                    ; Value ;
+----------------------------------------------+-------+
; Total registers                              ; 256   ;
; Number of registers using Synchronous Clear  ; 0     ;
; Number of registers using Synchronous Load   ; 0     ;
; Number of registers using Asynchronous Clear ; 256   ;
; Number of registers using Asynchronous Load  ; 0     ;
; Number of registers using Clock Enable       ; 256   ;
; Number of registers using Preset             ; 0     ;
+----------------------------------------------+-------+


+---------------------------------------------------------------+
; Inverted Register Statistics                                  ;
+-----------------------------------------------------+---------+
; Inverted Register                                   ; Fan out ;
+-----------------------------------------------------+---------+
; Datapath_R_Type:DUT|Register_File:C1|Regfile[22][4] ; 2       ;
; Datapath_R_Type:DUT|Register_File:C1|Regfile[26][4] ; 2       ;
; Datapath_R_Type:DUT|Register_File:C1|Regfile[18][4] ; 2       ;
; Datapath_R_Type:DUT|Register_File:C1|Regfile[30][4] ; 2       ;
; Datapath_R_Type:DUT|Register_File:C1|Regfile[25][4] ; 2       ;
; Datapath_R_Type:DUT|Register_File:C1|Regfile[21][4] ; 2       ;
; Datapath_R_Type:DUT|Register_File:C1|Regfile[29][4] ; 2       ;
; Datapath_R_Type:DUT|Register_File:C1|Regfile[20][4] ; 2       ;
; Datapath_R_Type:DUT|Register_File:C1|Regfile[24][4] ; 2       ;
; Datapath_R_Type:DUT|Register_File:C1|Regfile[16][4] ; 2       ;
; Datapath_R_Type:DUT|Register_File:C1|Regfile[28][4] ; 2       ;
; Datapath_R_Type:DUT|Register_File:C1|Regfile[27][4] ; 2       ;
; Datapath_R_Type:DUT|Register_File:C1|Regfile[23][4] ; 2       ;
; Datapath_R_Type:DUT|Register_File:C1|Regfile[19][4] ; 2       ;
; Datapath_R_Type:DUT|Register_File:C1|Regfile[31][4] ; 2       ;
; Datapath_R_Type:DUT|Register_File:C1|Regfile[10][4] ; 2       ;
; Datapath_R_Type:DUT|Register_File:C1|Regfile[17][5] ; 2       ;
; Datapath_R_Type:DUT|Register_File:C1|Regfile[18][5] ; 2       ;
; Datapath_R_Type:DUT|Register_File:C1|Regfile[12][5] ; 2       ;
; Datapath_R_Type:DUT|Register_File:C1|Regfile[17][6] ; 2       ;
; Datapath_R_Type:DUT|Register_File:C1|Regfile[18][0] ; 2       ;
; Datapath_R_Type:DUT|Register_File:C1|Regfile[25][0] ; 2       ;
; Datapath_R_Type:DUT|Register_File:C1|Regfile[21][0] ; 2       ;
; Datapath_R_Type:DUT|Register_File:C1|Regfile[29][0] ; 2       ;
; Datapath_R_Type:DUT|Register_File:C1|Regfile[27][0] ; 2       ;
; Datapath_R_Type:DUT|Register_File:C1|Regfile[23][0] ; 2       ;
; Datapath_R_Type:DUT|Register_File:C1|Regfile[19][0] ; 2       ;
; Datapath_R_Type:DUT|Register_File:C1|Regfile[31][0] ; 2       ;
; Datapath_R_Type:DUT|Register_File:C1|Regfile[10][0] ; 2       ;
; Datapath_R_Type:DUT|Register_File:C1|Regfile[9][0]  ; 2       ;
; Datapath_R_Type:DUT|Register_File:C1|Regfile[11][0] ; 2       ;
; Datapath_R_Type:DUT|Register_File:C1|Regfile[5][0]  ; 2       ;
; Datapath_R_Type:DUT|Register_File:C1|Regfile[7][0]  ; 2       ;
; Datapath_R_Type:DUT|Register_File:C1|Regfile[2][0]  ; 2       ;
; Datapath_R_Type:DUT|Register_File:C1|Regfile[1][0]  ; 2       ;
; Datapath_R_Type:DUT|Register_File:C1|Regfile[3][0]  ; 2       ;
; Datapath_R_Type:DUT|Register_File:C1|Regfile[13][0] ; 2       ;
; Datapath_R_Type:DUT|Register_File:C1|Regfile[15][0] ; 2       ;
; Datapath_R_Type:DUT|Register_File:C1|Regfile[17][1] ; 2       ;
; Datapath_R_Type:DUT|Register_File:C1|Regfile[26][1] ; 2       ;
; Datapath_R_Type:DUT|Register_File:C1|Regfile[22][1] ; 2       ;
; Datapath_R_Type:DUT|Register_File:C1|Regfile[18][1] ; 2       ;
; Datapath_R_Type:DUT|Register_File:C1|Regfile[30][1] ; 2       ;
; Datapath_R_Type:DUT|Register_File:C1|Regfile[23][1] ; 2       ;
; Datapath_R_Type:DUT|Register_File:C1|Regfile[27][1] ; 2       ;
; Datapath_R_Type:DUT|Register_File:C1|Regfile[19][1] ; 2       ;
; Datapath_R_Type:DUT|Register_File:C1|Regfile[31][1] ; 2       ;
; Datapath_R_Type:DUT|Register_File:C1|Regfile[6][1]  ; 2       ;
; Datapath_R_Type:DUT|Register_File:C1|Regfile[7][1]  ; 2       ;
; Datapath_R_Type:DUT|Register_File:C1|Regfile[11][1] ; 2       ;
; Datapath_R_Type:DUT|Register_File:C1|Regfile[3][1]  ; 2       ;
; Datapath_R_Type:DUT|Register_File:C1|Regfile[14][1] ; 2       ;
; Datapath_R_Type:DUT|Register_File:C1|Regfile[12][1] ; 2       ;
; Datapath_R_Type:DUT|Register_File:C1|Regfile[15][1] ; 2       ;
; Datapath_R_Type:DUT|Register_File:C1|Regfile[22][2] ; 2       ;
; Datapath_R_Type:DUT|Register_File:C1|Regfile[30][2] ; 2       ;
; Datapath_R_Type:DUT|Register_File:C1|Regfile[21][2] ; 2       ;
; Datapath_R_Type:DUT|Register_File:C1|Regfile[17][2] ; 2       ;
; Datapath_R_Type:DUT|Register_File:C1|Regfile[29][2] ; 2       ;
; Datapath_R_Type:DUT|Register_File:C1|Regfile[20][2] ; 2       ;
; Datapath_R_Type:DUT|Register_File:C1|Regfile[28][2] ; 2       ;
; Datapath_R_Type:DUT|Register_File:C1|Regfile[23][2] ; 2       ;
; Datapath_R_Type:DUT|Register_File:C1|Regfile[31][2] ; 2       ;
; Datapath_R_Type:DUT|Register_File:C1|Regfile[5][2]  ; 2       ;
; Datapath_R_Type:DUT|Register_File:C1|Regfile[4][2]  ; 2       ;
; Datapath_R_Type:DUT|Register_File:C1|Regfile[7][2]  ; 2       ;
; Datapath_R_Type:DUT|Register_File:C1|Regfile[13][2] ; 2       ;
; Datapath_R_Type:DUT|Register_File:C1|Regfile[14][2] ; 2       ;
; Datapath_R_Type:DUT|Register_File:C1|Regfile[15][2] ; 2       ;
; Datapath_R_Type:DUT|Register_File:C1|Regfile[25][3] ; 2       ;
; Datapath_R_Type:DUT|Register_File:C1|Regfile[29][3] ; 2       ;
; Datapath_R_Type:DUT|Register_File:C1|Regfile[26][3] ; 2       ;
; Datapath_R_Type:DUT|Register_File:C1|Regfile[30][3] ; 2       ;
; Datapath_R_Type:DUT|Register_File:C1|Regfile[24][3] ; 2       ;
; Datapath_R_Type:DUT|Register_File:C1|Regfile[28][3] ; 2       ;
; Datapath_R_Type:DUT|Register_File:C1|Regfile[27][3] ; 2       ;
; Datapath_R_Type:DUT|Register_File:C1|Regfile[31][3] ; 2       ;
; Datapath_R_Type:DUT|Register_File:C1|Regfile[9][3]  ; 2       ;
; Datapath_R_Type:DUT|Register_File:C1|Regfile[8][3]  ; 2       ;
; Datapath_R_Type:DUT|Register_File:C1|Regfile[11][3] ; 2       ;
; Datapath_R_Type:DUT|Register_File:C1|Regfile[2][3]  ; 2       ;
; Datapath_R_Type:DUT|Register_File:C1|Regfile[14][3] ; 2       ;
; Datapath_R_Type:DUT|Register_File:C1|Regfile[13][3] ; 2       ;
; Datapath_R_Type:DUT|Register_File:C1|Regfile[15][3] ; 2       ;
; Total number of inverted registers = 84             ;         ;
+-----------------------------------------------------+---------+


+--------------------------------------------------------------------------------------------------------------------------------------------------------------------------+
; Multiplexer Restructuring Statistics (Restructuring Performed)                                                                                                           ;
+--------------------+-----------+---------------+----------------------+------------------------+------------+------------------------------------------------------------+
; Multiplexer Inputs ; Bus Width ; Baseline Area ; Area if Restructured ; Saving if Restructured ; Registered ; Example Multiplexer Output                                 ;
+--------------------+-----------+---------------+----------------------+------------------------+------------+------------------------------------------------------------+
; 5:1                ; 8 bits    ; 24 LEs        ; 0 LEs                ; 24 LEs                 ; No         ; |lab5_task2_FPGA|Datapath_R_Type:DUT|alu:C2|Add0           ;
; 8:1                ; 8 bits    ; 40 LEs        ; 16 LEs               ; 24 LEs                 ; No         ; |lab5_task2_FPGA|Datapath_R_Type:DUT|alu:C2|Mux0           ;
; 5:1                ; 8 bits    ; 24 LEs        ; 8 LEs                ; 16 LEs                 ; No         ; |lab5_task2_FPGA|Datapath_R_Type:DUT|alu:C2|Add0           ;
; 32:1               ; 8 bits    ; 168 LEs       ; 168 LEs              ; 0 LEs                  ; No         ; |lab5_task2_FPGA|Datapath_R_Type:DUT|Register_File:C1|Mux8 ;
; 32:1               ; 8 bits    ; 168 LEs       ; 168 LEs              ; 0 LEs                  ; No         ; |lab5_task2_FPGA|Datapath_R_Type:DUT|Register_File:C1|Mux0 ;
+--------------------+-----------+---------------+----------------------+------------------------+------------+------------------------------------------------------------+


+-------------------------------------------------------------------------+
; Parameter Settings for User Entity Instance: Datapath_R_Type:DUT|alu:C2 ;
+----------------+-------+------------------------------------------------+
; Parameter Name ; Value ; Type                                           ;
+----------------+-------+------------------------------------------------+
; ALU_OP_ADD     ; 000   ; Unsigned Binary                                ;
; ALU_OP_SUB     ; 001   ; Unsigned Binary                                ;
; ALU_OP_AND     ; 010   ; Unsigned Binary                                ;
; ALU_OP_OR      ; 011   ; Unsigned Binary                                ;
; ALU_OP_NOT_A   ; 100   ; Unsigned Binary                                ;
; ALU_OP_LW      ; 101   ; Unsigned Binary                                ;
; ALU_OP_SW      ; 110   ; Unsigned Binary                                ;
; ALU_OP_BEQ     ; 111   ; Unsigned Binary                                ;
+----------------+-------+------------------------------------------------+
Note: In order to hide this table in the UI and the text report file, please set the "Show Parameter Settings in Synthesis Report" option in "Analysis and Synthesis Settings -> More Settings" to "Off".


+-----------------------------------------------------+
; Post-Synthesis Netlist Statistics for Top Partition ;
+-----------------------+-----------------------------+
; Type                  ; Count                       ;
+-----------------------+-----------------------------+
; boundary_port         ; 104                         ;
; cycloneiii_ff         ; 256                         ;
;     ENA CLR           ; 256                         ;
; cycloneiii_lcell_comb ; 553                         ;
;     arith             ; 8                           ;
;         3 data inputs ; 8                           ;
;     normal            ; 545                         ;
;         0 data inputs ; 1                           ;
;         1 data inputs ; 90                          ;
;         2 data inputs ; 3                           ;
;         3 data inputs ; 52                          ;
;         4 data inputs ; 399                         ;
;                       ;                             ;
; Max LUT depth         ; 10.60                       ;
; Average LUT depth     ; 8.86                        ;
+-----------------------+-----------------------------+


+-------------------------------+
; Elapsed Time Per Partition    ;
+----------------+--------------+
; Partition Name ; Elapsed Time ;
+----------------+--------------+
; Top            ; 00:00:01     ;
+----------------+--------------+


+-------------------------------+
; Analysis & Synthesis Messages ;
+-------------------------------+
Info: *******************************************************************
Info: Running Quartus Prime Analysis & Synthesis
    Info: Version 21.1.1 Build 850 06/23/2022 SJ Lite Edition
    Info: Processing started: Thu May 16 15:57:15 2024
Info: Command: quartus_map --read_settings_files=on --write_settings_files=off lab5_task2_FPGA -c lab5_task2_FPGA
Warning (18236): Number of processors has not been specified which may cause overloading on shared machines.  Set the global assignment NUM_PARALLEL_PROCESSORS in your QSF to an appropriate value for best performance.
Info (20030): Parallel compilation is enabled and will use 6 of the 6 processors detected
Info (12021): Found 5 design units, including 5 entities, in source file lab5_task2_fpga.v
    Info (12023): Found entity 1: lab5_task2_FPGA File: D:/Year 3/Semester 2/DSD/lab/lab5/task2/lab5_task2_FPGA.v Line: 1
    Info (12023): Found entity 2: Datapath_R_Type File: D:/Year 3/Semester 2/DSD/lab/lab5/task2/lab5_task2_FPGA.v Line: 21
    Info (12023): Found entity 3: Register_File File: D:/Year 3/Semester 2/DSD/lab/lab5/task2/lab5_task2_FPGA.v Line: 36
    Info (12023): Found entity 4: alu File: D:/Year 3/Semester 2/DSD/lab/lab5/task2/lab5_task2_FPGA.v Line: 75
    Info (12023): Found entity 5: hex_ssd File: D:/Year 3/Semester 2/DSD/lab/lab5/task2/lab5_task2_FPGA.v Line: 109
Info (12127): Elaborating entity "lab5_task2_FPGA" for the top level hierarchy
Warning (10034): Output port "LEDG[7..1]" at lab5_task2_FPGA.v(6) has no driver File: D:/Year 3/Semester 2/DSD/lab/lab5/task2/lab5_task2_FPGA.v Line: 6
Warning (10034): Output port "HEX7" at lab5_task2_FPGA.v(4) has no driver File: D:/Year 3/Semester 2/DSD/lab/lab5/task2/lab5_task2_FPGA.v Line: 4
Warning (10034): Output port "HEX6" at lab5_task2_FPGA.v(4) has no driver File: D:/Year 3/Semester 2/DSD/lab/lab5/task2/lab5_task2_FPGA.v Line: 4
Info (12128): Elaborating entity "hex_ssd" for hierarchy "hex_ssd:C1" File: D:/Year 3/Semester 2/DSD/lab/lab5/task2/lab5_task2_FPGA.v Line: 9
Info (12128): Elaborating entity "Datapath_R_Type" for hierarchy "Datapath_R_Type:DUT" File: D:/Year 3/Semester 2/DSD/lab/lab5/task2/lab5_task2_FPGA.v Line: 15
Info (12128): Elaborating entity "Register_File" for hierarchy "Datapath_R_Type:DUT|Register_File:C1" File: D:/Year 3/Semester 2/DSD/lab/lab5/task2/lab5_task2_FPGA.v Line: 30
Warning (10230): Verilog HDL assignment warning at lab5_task2_FPGA.v(54): truncated value with size 32 to match size of target (8) File: D:/Year 3/Semester 2/DSD/lab/lab5/task2/lab5_task2_FPGA.v Line: 54
Warning (10240): Verilog HDL Always Construct warning at lab5_task2_FPGA.v(48): inferring latch(es) for variable "k", which holds its previous value in one or more paths through the always construct File: D:/Year 3/Semester 2/DSD/lab/lab5/task2/lab5_task2_FPGA.v Line: 48
Info (12128): Elaborating entity "alu" for hierarchy "Datapath_R_Type:DUT|alu:C2" File: D:/Year 3/Semester 2/DSD/lab/lab5/task2/lab5_task2_FPGA.v Line: 32
Warning (10240): Verilog HDL Always Construct warning at lab5_task2_FPGA.v(92): inferring latch(es) for variable "zero", which holds its previous value in one or more paths through the always construct File: D:/Year 3/Semester 2/DSD/lab/lab5/task2/lab5_task2_FPGA.v Line: 92
Info (10041): Inferred latch for "zero" at lab5_task2_FPGA.v(92) File: D:/Year 3/Semester 2/DSD/lab/lab5/task2/lab5_task2_FPGA.v Line: 92
Info (13000): Registers with preset signals will power-up high File: D:/Year 3/Semester 2/DSD/lab/lab5/task2/lab5_task2_FPGA.v Line: 67
Info (13003): DEV_CLRn pin will set, and not reset, register with preset signal due to NOT Gate Push-Back
Warning (13024): Output pins are stuck at VCC or GND
    Warning (13410): Pin "LEDG[1]" is stuck at GND File: D:/Year 3/Semester 2/DSD/lab/lab5/task2/lab5_task2_FPGA.v Line: 6
    Warning (13410): Pin "LEDG[2]" is stuck at GND File: D:/Year 3/Semester 2/DSD/lab/lab5/task2/lab5_task2_FPGA.v Line: 6
    Warning (13410): Pin "LEDG[3]" is stuck at GND File: D:/Year 3/Semester 2/DSD/lab/lab5/task2/lab5_task2_FPGA.v Line: 6
    Warning (13410): Pin "LEDG[4]" is stuck at GND File: D:/Year 3/Semester 2/DSD/lab/lab5/task2/lab5_task2_FPGA.v Line: 6
    Warning (13410): Pin "LEDG[5]" is stuck at GND File: D:/Year 3/Semester 2/DSD/lab/lab5/task2/lab5_task2_FPGA.v Line: 6
    Warning (13410): Pin "LEDG[6]" is stuck at GND File: D:/Year 3/Semester 2/DSD/lab/lab5/task2/lab5_task2_FPGA.v Line: 6
    Warning (13410): Pin "LEDG[7]" is stuck at GND File: D:/Year 3/Semester 2/DSD/lab/lab5/task2/lab5_task2_FPGA.v Line: 6
    Warning (13410): Pin "HEX7[6]" is stuck at GND File: D:/Year 3/Semester 2/DSD/lab/lab5/task2/lab5_task2_FPGA.v Line: 4
    Warning (13410): Pin "HEX7[5]" is stuck at GND File: D:/Year 3/Semester 2/DSD/lab/lab5/task2/lab5_task2_FPGA.v Line: 4
    Warning (13410): Pin "HEX7[4]" is stuck at GND File: D:/Year 3/Semester 2/DSD/lab/lab5/task2/lab5_task2_FPGA.v Line: 4
    Warning (13410): Pin "HEX7[3]" is stuck at GND File: D:/Year 3/Semester 2/DSD/lab/lab5/task2/lab5_task2_FPGA.v Line: 4
    Warning (13410): Pin "HEX7[2]" is stuck at GND File: D:/Year 3/Semester 2/DSD/lab/lab5/task2/lab5_task2_FPGA.v Line: 4
    Warning (13410): Pin "HEX7[1]" is stuck at GND File: D:/Year 3/Semester 2/DSD/lab/lab5/task2/lab5_task2_FPGA.v Line: 4
    Warning (13410): Pin "HEX7[0]" is stuck at GND File: D:/Year 3/Semester 2/DSD/lab/lab5/task2/lab5_task2_FPGA.v Line: 4
    Warning (13410): Pin "HEX6[6]" is stuck at GND File: D:/Year 3/Semester 2/DSD/lab/lab5/task2/lab5_task2_FPGA.v Line: 4
    Warning (13410): Pin "HEX6[5]" is stuck at GND File: D:/Year 3/Semester 2/DSD/lab/lab5/task2/lab5_task2_FPGA.v Line: 4
    Warning (13410): Pin "HEX6[4]" is stuck at GND File: D:/Year 3/Semester 2/DSD/lab/lab5/task2/lab5_task2_FPGA.v Line: 4
    Warning (13410): Pin "HEX6[3]" is stuck at GND File: D:/Year 3/Semester 2/DSD/lab/lab5/task2/lab5_task2_FPGA.v Line: 4
    Warning (13410): Pin "HEX6[2]" is stuck at GND File: D:/Year 3/Semester 2/DSD/lab/lab5/task2/lab5_task2_FPGA.v Line: 4
    Warning (13410): Pin "HEX6[1]" is stuck at GND File: D:/Year 3/Semester 2/DSD/lab/lab5/task2/lab5_task2_FPGA.v Line: 4
    Warning (13410): Pin "HEX6[0]" is stuck at GND File: D:/Year 3/Semester 2/DSD/lab/lab5/task2/lab5_task2_FPGA.v Line: 4
Info (286030): Timing-Driven Synthesis is running
Info (16010): Generating hard_block partition "hard_block:auto_generated_inst"
    Info (16011): Adding 0 node(s), including 0 DDIO, 0 PLL, 0 transceiver and 0 LCELL
Warning (21074): Design contains 1 input pin(s) that do not drive logic
    Warning (15610): No output dependent on input pin "KEY[3]" File: D:/Year 3/Semester 2/DSD/lab/lab5/task2/lab5_task2_FPGA.v Line: 3
Info (21057): Implemented 822 device resources after synthesis - the final resource count might be different
    Info (21058): Implemented 22 input pins
    Info (21059): Implemented 82 output pins
    Info (21061): Implemented 718 logic cells
Info: Quartus Prime Analysis & Synthesis was successful. 0 errors, 31 warnings
    Info: Peak virtual memory: 4806 megabytes
    Info: Processing ended: Thu May 16 15:57:23 2024
    Info: Elapsed time: 00:00:08
    Info: Total CPU time (on all processors): 00:00:09


